// Jest Snapshot v1, https://goo.gl/fbAQLP

exports[`Savegame Format Continuity AllServers Snapshot 1`] = `
{
  "home": {
    "ctor": "Server",
    "data": {
      "backdoorInstalled": false,
      "baseDifficulty": 1,
      "contracts": [],
      "cpuCores": 1,
      "ftpPortOpen": false,
      "hackDifficulty": 1,
      "hasAdminRights": true,
      "hostname": "home",
      "httpPortOpen": false,
      "ip": "2.0.0.0",
      "isConnectedTo": true,
      "maxRam": 8,
      "messages": [
        "hackers-starting-handbook.lit",
      ],
      "minDifficulty": 1,
      "moneyAvailable": 0,
      "moneyMax": 0,
      "numOpenPortsRequired": 5,
      "openPortCount": 0,
      "organizationName": "Home PC",
      "programs": [
        "NUKE.exe",
      ],
      "purchasedByPlayer": true,
      "ramUsed": 0,
      "requiredHackingSkill": 1,
      "runningScripts": [
        {
          "ctor": "RunningScript",
          "data": {
            "args": [
              "permanent",
            ],
            "dataMap": {},
            "dependencies": [],
            "filename": "script.js",
            "logUpd": false,
            "logs": [],
            "offlineExpGained": 0,
            "offlineMoneyMade": 0,
            "offlineRunningTime": 0.01,
            "onlineExpGained": 0,
            "onlineMoneyMade": 0,
            "onlineRunningTime": 0.01,
            "pid": -1,
            "ramUsage": 1.6,
            "server": "home",
            "temporary": false,
            "threads": 1,
          },
        },
      ],
      "scripts": [
        {
          "ctor": "Script",
          "data": {
            "code": "/** @param {NS} ns */
export async function main(ns) {
  return ns.asleep(1000000);
}",
            "dependencies": [],
            "dependents": [],
            "filename": "script.js",
            "module": null,
            "moduleSequenceNumber": 1,
            "queueCompile": false,
            "ramUsage": null,
            "server": "home",
            "url": "",
          },
        },
      ],
      "serverGrowth": 1,
      "serversOnNetwork": [
        "n00dles",
      ],
      "smtpPortOpen": false,
      "sqlPortOpen": false,
      "sshPortOpen": false,
      "textFiles": [],
    },
  },
  "n00dles": {
    "ctor": "Server",
    "data": {
      "backdoorInstalled": false,
      "baseDifficulty": 1,
      "contracts": [],
      "cpuCores": 1,
      "ftpPortOpen": false,
      "hackDifficulty": 1,
      "hasAdminRights": false,
      "hostname": "n00dles",
      "httpPortOpen": false,
      "ip": "52.5.5.5",
      "isConnectedTo": false,
      "maxRam": 4,
      "messages": [],
      "minDifficulty": 1,
      "moneyAvailable": 70000,
      "moneyMax": 1750000,
      "numOpenPortsRequired": 0,
      "openPortCount": 0,
      "organizationName": "Noodle Bar",
      "programs": [],
      "purchasedByPlayer": false,
      "ramUsed": 0,
      "requiredHackingSkill": 1,
      "runningScripts": [],
      "scripts": [],
      "serverGrowth": 3000,
      "serversOnNetwork": [
        "home",
        "zer0",
      ],
      "smtpPortOpen": false,
      "sqlPortOpen": false,
      "sshPortOpen": false,
      "textFiles": [],
    },
  },
  "zer0": {
    "ctor": "Server",
    "data": {
      "backdoorInstalled": false,
      "baseDifficulty": 25,
      "contracts": [],
      "cpuCores": 1,
      "ftpPortOpen": false,
      "hackDifficulty": 25,
      "hasAdminRights": false,
      "hostname": "zer0",
      "httpPortOpen": false,
      "ip": "56.5.5.5",
      "isConnectedTo": false,
      "maxRam": 32,
      "messages": [],
      "minDifficulty": 8,
      "moneyAvailable": 7500000,
      "moneyMax": 187500000,
      "numOpenPortsRequired": 1,
      "openPortCount": 0,
      "organizationName": "ZER0 Nightclub",
      "programs": [],
      "purchasedByPlayer": false,
      "ramUsed": 0,
      "requiredHackingSkill": 75,
      "runningScripts": [],
      "scripts": [],
      "serverGrowth": 40,
      "serversOnNetwork": [
        "n00dles",
      ],
      "smtpPortOpen": false,
      "sqlPortOpen": false,
      "sshPortOpen": false,
      "textFiles": [],
    },
  },
}
`;

exports[`Savegame Format Continuity Factions Snapshot 1`] = `
{
  "Aevum": {
    "ctor": "Faction",
    "data": {
      "alreadyInvited": false,
      "augmentations": [
        "NeuroFlux Governor",
        "Wired Reflexes",
        "Speech Processor Implant",
        "Synaptic Enhancement Implant",
        "Neuralstimulator",
        "Neurotrainer I",
        "PCMatrix",
      ],
      "favor": 0,
      "isBanned": true,
      "isMember": false,
      "name": "Aevum",
      "playerReputation": 0,
    },
  },
  "Bachman & Associates": {
    "ctor": "Faction",
    "data": {
      "alreadyInvited": false,
      "augmentations": [
        "NeuroFlux Governor",
        "Enhanced Social Interaction Implant",
        "Neuralstimulator",
        "Nuoptimal Nootropic Injector Implant",
        "Speech Enhancement",
        "FocusWire",
        "ADR-V2 Pheromone Gene",
        "SmartJaw",
      ],
      "favor": 0,
      "isBanned": false,
      "isMember": false,
      "name": "Bachman & Associates",
      "playerReputation": 0,
    },
  },
  "BitRunners": {
    "ctor": "Faction",
    "data": {
      "alreadyInvited": false,
      "augmentations": [
        "NeuroFlux Governor",
        "Artificial Bio-neural Network Implant",
        "Enhanced Myelin Sheathing",
        "DataJack",
        "Embedded Netburner Module",
        "Embedded Netburner Module Core Implant",
        "Embedded Netburner Module Core V2 Upgrade",
        "Neural Accelerator",
        "Cranial Signal Processors - Gen III",
        "Cranial Signal Processors - Gen IV",
        "Cranial Signal Processors - Gen V",
        "Neurotrainer II",
        "BitRunners Neurolink",
      ],
      "favor": 0,
      "isBanned": false,
      "isMember": false,
      "name": "BitRunners",
      "playerReputation": 0,
    },
  },
  "Blade Industries": {
    "ctor": "Faction",
    "data": {
      "alreadyInvited": false,
      "augmentations": [
        "NeuroFlux Governor",
        "Augmented Targeting I",
        "Augmented Targeting II",
        "Augmented Targeting III",
        "Synfibril Muscle",
        "Combat Rib I",
        "Combat Rib II",
        "Combat Rib III",
        "Nanofiber Weave",
        "Bionic Spine",
        "Bionic Legs",
        "Embedded Netburner Module",
        "Embedded Netburner Module Core Implant",
        "Embedded Netburner Module Core V2 Upgrade",
        "PC Direct-Neural Interface",
        "PC Direct-Neural Interface Optimization Submodule",
        "HyperSight Corneal Implant",
        "Neotra",
      ],
      "favor": 0,
      "isBanned": false,
      "isMember": false,
      "name": "Blade Industries",
      "playerReputation": 0,
    },
  },
  "Bladeburners": {
    "ctor": "Faction",
    "data": {
      "alreadyInvited": false,
      "augmentations": [
        "EsperTech Bladeburner Eyewear",
        "EMS-4 Recombination",
        "ORION-MKIV Shoulder",
        "Hyperion Plasma Cannon V1",
        "Hyperion Plasma Cannon V2",
        "GOLEM Serum",
        "Vangelis Virus",
        "Vangelis Virus 3.0",
        "I.N.T.E.R.L.I.N.K.E.D",
        "Blade's Runners",
        "BLADE-51b Tesla Armor",
        "BLADE-51b Tesla Armor: Power Cells Upgrade",
        "BLADE-51b Tesla Armor: Energy Shielding Upgrade",
        "BLADE-51b Tesla Armor: Unibeam Upgrade",
        "BLADE-51b Tesla Armor: Omnibeam Upgrade",
        "BLADE-51b Tesla Armor: IPU Upgrade",
        "The Blade's Simulacrum",
      ],
      "favor": 0,
      "isBanned": false,
      "isMember": false,
      "name": "Bladeburners",
      "playerReputation": 0,
    },
  },
  "Chongqing": {
    "ctor": "Faction",
    "data": {
      "alreadyInvited": false,
      "augmentations": [
        "NeuroFlux Governor",
        "Speech Processor Implant",
        "DataJack",
        "Neuralstimulator",
        "Nuoptimal Nootropic Injector Implant",
        "Neuregen Gene Modification",
      ],
      "favor": 0,
      "isBanned": false,
      "isMember": false,
      "name": "Chongqing",
      "playerReputation": 0,
    },
  },
  "Church of the Machine God": {
    "ctor": "Faction",
    "data": {
      "alreadyInvited": false,
      "augmentations": [
        "Stanek's Gift - Genesis",
        "Stanek's Gift - Awakening",
        "Stanek's Gift - Serenity",
      ],
      "favor": 0,
      "isBanned": false,
      "isMember": false,
      "name": "Church of the Machine God",
      "playerReputation": 0,
    },
  },
  "Clarke Incorporated": {
    "ctor": "Faction",
    "data": {
      "alreadyInvited": false,
      "augmentations": [
        "NeuroFlux Governor",
        "Enhanced Social Interaction Implant",
        "Neuralstimulator",
        "Neuronal Densification",
        "Nuoptimal Nootropic Injector Implant",
        "Speech Enhancement",
        "FocusWire",
        "ADR-V2 Pheromone Gene",
        "nextSENS Gene Modification",
      ],
      "favor": 0,
      "isBanned": false,
      "isMember": false,
      "name": "Clarke Incorporated",
      "playerReputation": 0,
    },
  },
  "CyberSec": {
    "ctor": "Faction",
    "data": {
      "alreadyInvited": false,
      "augmentations": [
        "NeuroFlux Governor",
        "BitWire",
        "Synaptic Enhancement Implant",
        "Cranial Signal Processors - Gen I",
        "Cranial Signal Processors - Gen II",
        "Neurotrainer I",
      ],
      "favor": 0,
      "isBanned": false,
      "isMember": false,
      "name": "CyberSec",
      "playerReputation": 0,
    },
  },
  "Daedalus": {
    "ctor": "Faction",
    "data": {
      "alreadyInvited": false,
      "augmentations": [
        "NeuroFlux Governor",
        "Synthetic Heart",
        "Synfibril Muscle",
        "NEMEAN Subdermal Weave",
        "Embedded Netburner Module Core V3 Upgrade",
        "Embedded Netburner Module Analyze Engine",
        "Embedded Netburner Module Direct Memory Access Upgrade",
        "The Red Pill",
      ],
      "favor": 0,
      "isBanned": false,
      "isMember": false,
      "name": "Daedalus",
      "playerReputation": 0,
    },
  },
  "ECorp": {
    "ctor": "Faction",
    "data": {
      "alreadyInvited": false,
      "augmentations": [
        "NeuroFlux Governor",
        "Graphene Bionic Spine Upgrade",
        "Graphene Bionic Legs Upgrade",
        "Embedded Netburner Module",
        "Embedded Netburner Module Core Implant",
        "Embedded Netburner Module Core V2 Upgrade",
        "Embedded Netburner Module Core V3 Upgrade",
        "Embedded Netburner Module Analyze Engine",
        "Embedded Netburner Module Direct Memory Access Upgrade",
        "PC Direct-Neural Interface",
        "PC Direct-Neural Interface Optimization Submodule",
        "ECorp HVMind Implant",
      ],
      "favor": 0,
      "isBanned": false,
      "isMember": false,
      "name": "ECorp",
      "playerReputation": 0,
    },
  },
  "Four Sigma": {
    "ctor": "Faction",
    "data": {
      "alreadyInvited": false,
      "augmentations": [
        "NeuroFlux Governor",
        "Enhanced Social Interaction Implant",
        "Neuralstimulator",
        "Nuoptimal Nootropic Injector Implant",
        "Speech Enhancement",
        "FocusWire",
        "PC Direct-Neural Interface",
        "ADR-V1 Pheromone Gene",
        "ADR-V2 Pheromone Gene",
        "Neurotrainer III",
      ],
      "favor": 0,
      "isBanned": false,
      "isMember": false,
      "name": "Four Sigma",
      "playerReputation": 0,
    },
  },
  "Fulcrum Secret Technologies": {
    "ctor": "Faction",
    "data": {
      "alreadyInvited": false,
      "augmentations": [
        "NeuroFlux Governor",
        "Synthetic Heart",
        "Synfibril Muscle",
        "Nanofiber Weave",
        "NEMEAN Subdermal Weave",
        "Graphene Bone Lacings",
        "Graphene Bionic Spine Upgrade",
        "Graphene Bionic Legs Upgrade",
        "Artificial Bio-neural Network Implant",
        "Enhanced Myelin Sheathing",
        "Embedded Netburner Module",
        "Embedded Netburner Module Core Implant",
        "Embedded Netburner Module Core V2 Upgrade",
        "Embedded Netburner Module Core V3 Upgrade",
        "Embedded Netburner Module Analyze Engine",
        "Embedded Netburner Module Direct Memory Access Upgrade",
        "PC Direct-Neural Interface Optimization Submodule",
        "PC Direct-Neural Interface NeuroNet Injector",
      ],
      "favor": 0,
      "isBanned": false,
      "isMember": false,
      "name": "Fulcrum Secret Technologies",
      "playerReputation": 0,
    },
  },
  "Illuminati": {
    "ctor": "Faction",
    "data": {
      "alreadyInvited": false,
      "augmentations": [
        "NeuroFlux Governor",
        "Synthetic Heart",
        "Synfibril Muscle",
        "NEMEAN Subdermal Weave",
        "Embedded Netburner Module Core V3 Upgrade",
        "Embedded Netburner Module Analyze Engine",
        "Embedded Netburner Module Direct Memory Access Upgrade",
        "QLink",
      ],
      "favor": 0,
      "isBanned": false,
      "isMember": false,
      "name": "Illuminati",
      "playerReputation": 0,
    },
  },
  "Ishima": {
    "ctor": "Faction",
    "data": {
      "alreadyInvited": false,
      "augmentations": [
        "NeuroFlux Governor",
        "Augmented Targeting I",
        "Combat Rib I",
        "Wired Reflexes",
        "Speech Processor Implant",
        "Neuralstimulator",
        "INFRARET Enhancement",
      ],
      "favor": 0,
      "isBanned": false,
      "isMember": false,
      "name": "Ishima",
      "playerReputation": 0,
    },
  },
  "KuaiGong International": {
    "ctor": "Faction",
    "data": {
      "alreadyInvited": false,
      "augmentations": [
        "NeuroFlux Governor",
        "Augmented Targeting I",
        "Augmented Targeting II",
        "Augmented Targeting III",
        "Synthetic Heart",
        "Synfibril Muscle",
        "Combat Rib I",
        "Combat Rib II",
        "Combat Rib III",
        "Bionic Spine",
        "Bionic Legs",
        "Embedded Netburner Module Core V2 Upgrade",
        "Speech Enhancement",
        "FocusWire",
        "HyperSight Corneal Implant",
        "Photosynthetic Cells",
      ],
      "favor": 0,
      "isBanned": false,
      "isMember": false,
      "name": "KuaiGong International",
      "playerReputation": 0,
    },
  },
  "MegaCorp": {
    "ctor": "Faction",
    "data": {
      "alreadyInvited": false,
      "augmentations": [
        "NeuroFlux Governor",
        "Graphene Bionic Legs Upgrade",
        "Embedded Netburner Module",
        "Embedded Netburner Module Core Implant",
        "Embedded Netburner Module Core V2 Upgrade",
        "Embedded Netburner Module Core V3 Upgrade",
        "Embedded Netburner Module Analyze Engine",
        "Embedded Netburner Module Direct Memory Access Upgrade",
        "ADR-V1 Pheromone Gene",
        "CordiARC Fusion Reactor",
      ],
      "favor": 0,
      "isBanned": false,
      "isMember": false,
      "name": "MegaCorp",
      "playerReputation": 0,
    },
  },
  "NWO": {
    "ctor": "Faction",
    "data": {
      "alreadyInvited": false,
      "augmentations": [
        "NeuroFlux Governor",
        "Synthetic Heart",
        "Synfibril Muscle",
        "Enhanced Social Interaction Implant",
        "Embedded Netburner Module",
        "Embedded Netburner Module Core Implant",
        "Embedded Netburner Module Core V2 Upgrade",
        "Embedded Netburner Module Core V3 Upgrade",
        "Embedded Netburner Module Analyze Engine",
        "Embedded Netburner Module Direct Memory Access Upgrade",
        "ADR-V1 Pheromone Gene",
        "Neurotrainer III",
        "Power Recirculation Core",
        "Xanipher",
        "Hydroflame Left Arm",
      ],
      "favor": 0,
      "isBanned": false,
      "isMember": false,
      "name": "NWO",
      "playerReputation": 0,
    },
  },
  "Netburners": {
    "ctor": "Faction",
    "data": {
      "alreadyInvited": false,
      "augmentations": [
        "NeuroFlux Governor",
        "Hacknet Node CPU Architecture Neural-Upload",
        "Hacknet Node Cache Architecture Neural-Upload",
        "Hacknet Node NIC Architecture Neural-Upload",
        "Hacknet Node Kernel Direct-Neural Interface",
        "Hacknet Node Core Direct-Neural Interface",
      ],
      "favor": 0,
      "isBanned": false,
      "isMember": false,
      "name": "Netburners",
      "playerReputation": 0,
    },
  },
  "New Tokyo": {
    "ctor": "Faction",
    "data": {
      "alreadyInvited": false,
      "augmentations": [
        "NeuroFlux Governor",
        "Speech Processor Implant",
        "DataJack",
        "Neuralstimulator",
        "Nuoptimal Nootropic Injector Implant",
        "NutriGen Implant",
      ],
      "favor": 0,
      "isBanned": false,
      "isMember": true,
      "name": "New Tokyo",
      "playerReputation": 0,
    },
  },
  "NiteSec": {
    "ctor": "Faction",
    "data": {
      "alreadyInvited": false,
      "augmentations": [
        "NeuroFlux Governor",
        "BitWire",
        "Artificial Synaptic Potentiation",
        "Neural-Retention Enhancement",
        "DataJack",
        "Embedded Netburner Module",
        "Cranial Signal Processors - Gen I",
        "Cranial Signal Processors - Gen II",
        "Cranial Signal Processors - Gen III",
        "Neurotrainer II",
        "CRTX42-AA Gene Modification",
      ],
      "favor": 0,
      "isBanned": false,
      "isMember": false,
      "name": "NiteSec",
      "playerReputation": 0,
    },
  },
  "OmniTek Incorporated": {
    "ctor": "Faction",
    "data": {
      "alreadyInvited": false,
      "augmentations": [
        "NeuroFlux Governor",
        "Augmented Targeting I",
        "Augmented Targeting II",
        "Augmented Targeting III",
        "Combat Rib I",
        "Combat Rib II",
        "Combat Rib III",
        "Nanofiber Weave",
        "Bionic Spine",
        "Bionic Legs",
        "Enhanced Social Interaction Implant",
        "Embedded Netburner Module Core V2 Upgrade",
        "PC Direct-Neural Interface",
        "OmniTek InfoLoad",
      ],
      "favor": 0,
      "isBanned": false,
      "isMember": false,
      "name": "OmniTek Incorporated",
      "playerReputation": 0,
    },
  },
  "Sector-12": {
    "ctor": "Faction",
    "data": {
      "alreadyInvited": false,
      "augmentations": [
        "NeuroFlux Governor",
        "Augmented Targeting I",
        "Augmented Targeting II",
        "Wired Reflexes",
        "Speech Processor Implant",
        "Neuralstimulator",
        "CashRoot Starter Kit",
      ],
      "favor": 0,
      "isBanned": true,
      "isMember": false,
      "name": "Sector-12",
      "playerReputation": 0,
    },
  },
  "Shadows of Anarchy": {
    "ctor": "Faction",
    "data": {
      "alreadyInvited": false,
      "augmentations": [
        "SoA - phyzical WKS harmonizer",
        "SoA - Might of Ares",
        "SoA - Wisdom of Athena",
        "SoA - Chaos of Dionysus",
        "SoA - Beauty of Aphrodite",
        "SoA - Trickery of Hermes",
        "SoA - Flood of Poseidon",
        "SoA - Hunt of Artemis",
        "SoA - Knowledge of Apollo",
      ],
      "favor": 0,
      "isBanned": false,
      "isMember": false,
      "name": "Shadows of Anarchy",
      "playerReputation": 0,
    },
  },
  "Silhouette": {
    "ctor": "Faction",
    "data": {
      "alreadyInvited": false,
      "augmentations": [
        "NeuroFlux Governor",
        "Speech Processor Implant",
        "TITN-41 Gene-Modification Injection",
        "ADR-V2 Pheromone Gene",
      ],
      "favor": 0,
      "isBanned": false,
      "isMember": false,
      "name": "Silhouette",
      "playerReputation": 0,
    },
  },
  "Slum Snakes": {
    "ctor": "Faction",
    "data": {
      "alreadyInvited": false,
      "augmentations": [
        "NeuroFlux Governor",
        "Augmented Targeting I",
        "Combat Rib I",
        "Wired Reflexes",
        "LuminCloaking-V1 Skin Implant",
        "LuminCloaking-V2 Skin Implant",
        "SmartSonar Implant",
      ],
      "favor": 0,
      "isBanned": false,
      "isMember": true,
      "name": "Slum Snakes",
      "playerReputation": 0,
    },
  },
  "Speakers for the Dead": {
    "ctor": "Faction",
    "data": {
      "alreadyInvited": false,
      "augmentations": [
        "NeuroFlux Governor",
        "Unstable Circadian Modulator",
        "Synthetic Heart",
        "Synfibril Muscle",
        "Nanofiber Weave",
        "Wired Reflexes",
        "Bionic Spine",
        "Bionic Legs",
        "Speech Enhancement",
        "The Shadow's Simulacrum",
        "Graphene BrachiBlades Upgrade",
      ],
      "favor": 0,
      "isBanned": false,
      "isMember": false,
      "name": "Speakers for the Dead",
      "playerReputation": 0,
    },
  },
  "Tetrads": {
    "ctor": "Faction",
    "data": {
      "alreadyInvited": false,
      "augmentations": [
        "NeuroFlux Governor",
        "HemoRecirculator",
        "LuminCloaking-V1 Skin Implant",
        "LuminCloaking-V2 Skin Implant",
        "Power Recirculation Core",
        "Bionic Arms",
      ],
      "favor": 0,
      "isBanned": false,
      "isMember": false,
      "name": "Tetrads",
      "playerReputation": 0,
    },
  },
  "The Black Hand": {
    "ctor": "Faction",
    "data": {
      "alreadyInvited": false,
      "augmentations": [
        "NeuroFlux Governor",
        "Artificial Synaptic Potentiation",
        "Enhanced Myelin Sheathing",
        "DataJack",
        "Embedded Netburner Module",
        "Embedded Netburner Module Core Implant",
        "Neuralstimulator",
        "Cranial Signal Processors - Gen III",
        "Cranial Signal Processors - Gen IV",
        "The Black Hand",
      ],
      "favor": 0,
      "isBanned": false,
      "isMember": false,
      "name": "The Black Hand",
      "playerReputation": 0,
    },
  },
  "The Covenant": {
    "ctor": "Faction",
    "data": {
      "alreadyInvited": false,
      "augmentations": [
        "NeuroFlux Governor",
        "Augmented Targeting III",
        "Synthetic Heart",
        "Synfibril Muscle",
        "Combat Rib III",
        "NEMEAN Subdermal Weave",
        "Graphene Bone Lacings",
        "Embedded Netburner Module Core V3 Upgrade",
        "Embedded Netburner Module Analyze Engine",
        "Embedded Netburner Module Direct Memory Access Upgrade",
        "SPTN-97 Gene Modification",
      ],
      "favor": 0,
      "isBanned": false,
      "isMember": false,
      "name": "The Covenant",
      "playerReputation": 0,
    },
  },
  "The Dark Army": {
    "ctor": "Faction",
    "data": {
      "alreadyInvited": false,
      "augmentations": [
        "NeuroFlux Governor",
        "HemoRecirculator",
        "Augmented Targeting I",
        "Augmented Targeting II",
        "Augmented Targeting III",
        "Combat Rib I",
        "Combat Rib II",
        "Combat Rib III",
        "Nanofiber Weave",
        "Wired Reflexes",
        "The Shadow's Simulacrum",
        "Power Recirculation Core",
        "Graphene Bionic Arms Upgrade",
      ],
      "favor": 0,
      "isBanned": false,
      "isMember": false,
      "name": "The Dark Army",
      "playerReputation": 0,
    },
  },
  "The Syndicate": {
    "ctor": "Faction",
    "data": {
      "alreadyInvited": false,
      "augmentations": [
        "NeuroFlux Governor",
        "HemoRecirculator",
        "Augmented Targeting I",
        "Augmented Targeting II",
        "Augmented Targeting III",
        "Combat Rib I",
        "Combat Rib II",
        "Combat Rib III",
        "Nanofiber Weave",
        "NEMEAN Subdermal Weave",
        "Wired Reflexes",
        "Bionic Spine",
        "Bionic Legs",
        "ADR-V1 Pheromone Gene",
        "The Shadow's Simulacrum",
        "Power Recirculation Core",
        "BrachiBlades",
      ],
      "favor": 0,
      "isBanned": false,
      "isMember": false,
      "name": "The Syndicate",
      "playerReputation": 0,
    },
  },
  "Tian Di Hui": {
    "ctor": "Faction",
    "data": {
      "alreadyInvited": false,
      "augmentations": [
        "NeuroFlux Governor",
        "Nanofiber Weave",
        "Wired Reflexes",
        "Speech Processor Implant",
        "Nuoptimal Nootropic Injector Implant",
        "Speech Enhancement",
        "ADR-V1 Pheromone Gene",
        "Social Negotiation Assistant (S.N.A)",
        "Neuroreceptor Management Implant",
      ],
      "favor": 0,
      "isBanned": false,
      "isMember": false,
      "name": "Tian Di Hui",
      "playerReputation": 0,
    },
  },
  "Volhaven": {
    "ctor": "Faction",
    "data": {
      "alreadyInvited": false,
      "augmentations": [
        "NeuroFlux Governor",
        "Combat Rib I",
        "Combat Rib II",
        "Wired Reflexes",
        "Speech Processor Implant",
        "Neuralstimulator",
        "Nuoptimal Nootropic Injector Implant",
        "DermaForce Particle Barrier",
      ],
      "favor": 0,
      "isBanned": true,
      "isMember": false,
      "name": "Volhaven",
      "playerReputation": 0,
    },
  },
}
`;

exports[`Savegame Format Continuity Player Snapshot 1`] = `
{
  "ctor": "PlayerObject",
  "data": {
    "achievements": [],
    "augmentations": [],
    "bitNodeN": 1,
    "bladeburner": {
      "ctor": "Bladeburner",
      "data": {
        "action": {
          "ctor": "ActionIdentifier",
          "data": {
            "name": "",
            "type": 1,
          },
        },
        "actionTimeCurrent": 0,
        "actionTimeOverflow": 0,
        "actionTimeToComplete": 0,
        "automateActionHigh": {
          "ctor": "ActionIdentifier",
          "data": {
            "name": "",
            "type": 1,
          },
        },
        "automateActionLow": {
          "ctor": "ActionIdentifier",
          "data": {
            "name": "",
            "type": 1,
          },
        },
        "automateEnabled": false,
        "automateThreshHigh": 0,
        "automateThreshLow": 0,
        "blackops": {},
        "cities": {
          "Aevum": {
            "ctor": "City",
            "data": {
              "chaos": 0,
              "comms": 18,
              "name": "Aevum",
              "pop": 1035000000,
              "popEst": 600300000,
            },
          },
          "Chongqing": {
            "ctor": "City",
            "data": {
              "chaos": 0,
              "comms": 22,
              "name": "Chongqing",
              "pop": 1050000000,
              "popEst": 640500000,
            },
          },
          "Ishima": {
            "ctor": "City",
            "data": {
              "chaos": 0,
              "comms": 35,
              "name": "Ishima",
              "pop": 1095000000,
              "popEst": 766500000,
            },
          },
          "New Tokyo": {
            "ctor": "City",
            "data": {
              "chaos": 0,
              "comms": 31,
              "name": "New Tokyo",
              "pop": 1080000000,
              "popEst": 723600000,
            },
          },
          "Sector-12": {
            "ctor": "City",
            "data": {
              "chaos": 0,
              "comms": 26,
              "name": "Sector-12",
              "pop": 1065000000,
              "popEst": 681600000,
            },
          },
          "Volhaven": {
            "ctor": "City",
            "data": {
              "chaos": 0,
              "comms": 40,
              "name": "Volhaven",
              "pop": 1110000000,
              "popEst": 810300000,
            },
          },
        },
        "city": "Sector-12",
        "consoleHistory": [],
        "consoleLogs": [
          "Bladeburner Console",
          "Type 'help' to see console commands",
        ],
        "contracts": {
          "Bounty Hunter": {
            "ctor": "Contract",
            "data": {
              "autoLevel": true,
              "baseDifficulty": 240,
              "count": 45,
              "decays": {
                "agi": 0.91,
                "cha": 0.8,
                "def": 0.91,
                "dex": 0.91,
                "hack": 0,
                "int": 0.9,
                "str": 0.91,
              },
              "difficultyFac": 1.04,
              "failures": 0,
              "hpLoss": 1,
              "hpLost": 0,
              "isKill": true,
              "isStealth": false,
              "level": 1,
              "maxLevel": 1,
              "name": "Bounty Hunter",
              "rankGain": 0.9,
              "rankLoss": 0,
              "rewardFac": 1.085,
              "successes": 0,
              "teamCount": 0,
              "weights": {
                "agi": 0.25,
                "cha": 0.1,
                "def": 0.15,
                "dex": 0.25,
                "hack": 0,
                "int": 0.1,
                "str": 0.15,
              },
            },
          },
          "Retirement": {
            "ctor": "Contract",
            "data": {
              "autoLevel": true,
              "baseDifficulty": 193.2,
              "count": 50,
              "decays": {
                "agi": 0.91,
                "cha": 0.8,
                "def": 0.91,
                "dex": 0.91,
                "hack": 0,
                "int": 0.9,
                "str": 0.91,
              },
              "difficultyFac": 1.03,
              "failures": 0,
              "hpLoss": 1,
              "hpLost": 0,
              "isKill": true,
              "isStealth": false,
              "level": 1,
              "maxLevel": 1,
              "name": "Retirement",
              "rankGain": 0.6,
              "rankLoss": 0,
              "rewardFac": 1.065,
              "successes": 0,
              "teamCount": 0,
              "weights": {
                "agi": 0.2,
                "cha": 0.1,
                "def": 0.2,
                "dex": 0.2,
                "hack": 0,
                "int": 0.1,
                "str": 0.2,
              },
            },
          },
          "Tracking": {
            "ctor": "Contract",
            "data": {
              "autoLevel": true,
              "baseDifficulty": 119.25,
              "count": 56,
              "decays": {
                "agi": 0.91,
                "cha": 0.9,
                "def": 0.91,
                "dex": 0.91,
                "hack": 0,
                "int": 1,
                "str": 0.91,
              },
              "difficultyFac": 1.02,
              "failures": 0,
              "hpLoss": 0.5,
              "hpLost": 0,
              "isKill": false,
              "isStealth": true,
              "level": 1,
              "maxLevel": 1,
              "name": "Tracking",
              "rankGain": 0.3,
              "rankLoss": 0,
              "rewardFac": 1.041,
              "successes": 0,
              "teamCount": 0,
              "weights": {
                "agi": 0.35,
                "cha": 0.1,
                "def": 0.05,
                "dex": 0.35,
                "hack": 0,
                "int": 0.05,
                "str": 0.05,
              },
            },
          },
        },
        "hpLost": 0,
        "logging": {
          "blackops": true,
          "contracts": true,
          "events": true,
          "general": true,
          "ops": true,
        },
        "maxRank": 0,
        "maxStamina": 1,
        "moneyLost": 0,
        "numHosp": 0,
        "operations": {
          "Assassination": {
            "ctor": "Operation",
            "data": {
              "autoLevel": true,
              "baseDifficulty": 1503,
              "count": 74,
              "decays": {
                "agi": 0.8,
                "cha": 0,
                "def": 0.8,
                "dex": 0.8,
                "hack": 0.6,
                "int": 0.8,
                "str": 0.8,
              },
              "difficultyFac": 1.06,
              "failures": 0,
              "hpLoss": 5,
              "hpLost": 0,
              "isKill": true,
              "isStealth": true,
              "level": 1,
              "maxLevel": 1,
              "name": "Assassination",
              "rankGain": 44,
              "rankLoss": 4,
              "reqdRank": 50000,
              "rewardFac": 1.14,
              "successes": 0,
              "teamCount": 0,
              "weights": {
                "agi": 0.3,
                "cha": 0,
                "def": 0.1,
                "dex": 0.3,
                "hack": 0.1,
                "int": 0.1,
                "str": 0.1,
              },
            },
          },
          "Investigation": {
            "ctor": "Operation",
            "data": {
              "autoLevel": true,
              "baseDifficulty": 388.8,
              "count": 35,
              "decays": {
                "agi": 0.9,
                "cha": 0.7,
                "def": 0.9,
                "dex": 0.9,
                "hack": 0.85,
                "int": 0.9,
                "str": 0.9,
              },
              "difficultyFac": 1.03,
              "failures": 0,
              "hpLoss": 0,
              "hpLost": 0,
              "isKill": false,
              "isStealth": true,
              "level": 1,
              "maxLevel": 1,
              "name": "Investigation",
              "rankGain": 2.2,
              "rankLoss": 0.2,
              "reqdRank": 25,
              "rewardFac": 1.07,
              "successes": 0,
              "teamCount": 0,
              "weights": {
                "agi": 0.1,
                "cha": 0.25,
                "def": 0.05,
                "dex": 0.2,
                "hack": 0.25,
                "int": 0.1,
                "str": 0.05,
              },
            },
          },
          "Raid": {
            "ctor": "Operation",
            "data": {
              "autoLevel": true,
              "baseDifficulty": 792,
              "count": 65,
              "decays": {
                "agi": 0.8,
                "cha": 0,
                "def": 0.8,
                "dex": 0.8,
                "hack": 0.7,
                "int": 0.9,
                "str": 0.8,
              },
              "difficultyFac": 1.045,
              "failures": 0,
              "hpLoss": 50,
              "hpLost": 0,
              "isKill": true,
              "isStealth": false,
              "level": 1,
              "maxLevel": 1,
              "name": "Raid",
              "rankGain": 55,
              "rankLoss": 2.5,
              "reqdRank": 3000,
              "rewardFac": 1.1,
              "successes": 0,
              "teamCount": 0,
              "weights": {
                "agi": 0.2,
                "cha": 0,
                "def": 0.2,
                "dex": 0.2,
                "hack": 0.1,
                "int": 0.1,
                "str": 0.2,
              },
            },
          },
          "Stealth Retirement Operation": {
            "ctor": "Operation",
            "data": {
              "autoLevel": true,
              "baseDifficulty": 996,
              "count": 70,
              "decays": {
                "agi": 0.8,
                "cha": 0,
                "def": 0.8,
                "dex": 0.8,
                "hack": 0.7,
                "int": 0.9,
                "str": 0.8,
              },
              "difficultyFac": 1.05,
              "failures": 0,
              "hpLoss": 10,
              "hpLost": 0,
              "isKill": true,
              "isStealth": true,
              "level": 1,
              "maxLevel": 1,
              "name": "Stealth Retirement Operation",
              "rankGain": 22,
              "rankLoss": 2,
              "reqdRank": 20000,
              "rewardFac": 1.11,
              "successes": 0,
              "teamCount": 0,
              "weights": {
                "agi": 0.3,
                "cha": 0,
                "def": 0.1,
                "dex": 0.3,
                "hack": 0.1,
                "int": 0.1,
                "str": 0.1,
              },
            },
          },
          "Sting Operation": {
            "ctor": "Operation",
            "data": {
              "autoLevel": true,
              "baseDifficulty": 639.6,
              "count": 61,
              "decays": {
                "agi": 0.85,
                "cha": 0.7,
                "def": 0.85,
                "dex": 0.85,
                "hack": 0.8,
                "int": 0.9,
                "str": 0.85,
              },
              "difficultyFac": 1.04,
              "failures": 0,
              "hpLoss": 2.5,
              "hpLost": 0,
              "isKill": false,
              "isStealth": true,
              "level": 1,
              "maxLevel": 1,
              "name": "Sting Operation",
              "rankGain": 5.5,
              "rankLoss": 0.5,
              "reqdRank": 500,
              "rewardFac": 1.095,
              "successes": 0,
              "teamCount": 0,
              "weights": {
                "agi": 0.1,
                "cha": 0.2,
                "def": 0.05,
                "dex": 0.25,
                "hack": 0.25,
                "int": 0.1,
                "str": 0.05,
              },
            },
          },
          "Undercover Operation": {
            "ctor": "Operation",
            "data": {
              "autoLevel": true,
              "baseDifficulty": 489,
              "count": 38,
              "decays": {
                "agi": 0.9,
                "cha": 0.7,
                "def": 0.9,
                "dex": 0.9,
                "hack": 0.8,
                "int": 0.9,
                "str": 0.9,
              },
              "difficultyFac": 1.04,
              "failures": 0,
              "hpLoss": 2,
              "hpLost": 0,
              "isKill": false,
              "isStealth": true,
              "level": 1,
              "maxLevel": 1,
              "name": "Undercover Operation",
              "rankGain": 4.4,
              "rankLoss": 0.4,
              "reqdRank": 100,
              "rewardFac": 1.09,
              "successes": 0,
              "teamCount": 0,
              "weights": {
                "agi": 0.2,
                "cha": 0.2,
                "def": 0.05,
                "dex": 0.2,
                "hack": 0.2,
                "int": 0.1,
                "str": 0.05,
              },
            },
          },
        },
        "randomEventCounter": 261,
        "rank": 0,
        "skillMultipliers": {
          "actionTime": 1,
          "effAgi": 1,
          "effCha": 1,
          "effDef": 1,
          "effDex": 1,
          "effHack": 1,
          "effInt": 1,
          "effStr": 1,
          "expGain": 1,
          "money": 1,
          "stamina": 1,
          "successChanceAll": 1,
          "successChanceContract": 1,
          "successChanceEstimate": 1,
          "successChanceKill": 1,
          "successChanceOperation": 1,
          "successChanceStealth": 1,
        },
        "skillPoints": 0,
        "skills": {},
        "sleeveSize": 0,
        "stamina": 1,
        "staminaBonus": 0,
        "storedCycles": 0,
        "teamLost": 0,
        "teamSize": 0,
        "totalSkillPoints": 0,
      },
    },
    "city": "Sector-12",
    "corporation": {
      "ctor": "Corporation",
      "data": {
        "cycleValuation": 0,
        "dividendRate": 0,
        "dividendTax": 0.15,
        "divisions": [
          {
            "ctor": "Industry",
            "data": {
              "advFac": 0.25,
              "aiFac": 0.25,
              "awareness": 0,
              "hwFac": 0.15,
              "lastCycleExpenses": 0,
              "lastCycleRevenue": 0,
              "makesProducts": true,
              "name": "Noodle Bar",
              "newInd": true,
              "numAdVerts": 0,
              "offices": {
                "Aevum": 0,
                "Chongqing": 0,
                "Ishima": 0,
                "New Tokyo": 0,
                "Sector-12": {
                  "ctor": "OfficeSpace",
                  "data": {
                    "autoParty": false,
                    "autoTea": false,
                    "avgCha": 75,
                    "avgCre": 75,
                    "avgEff": 75,
                    "avgEne": 75,
                    "avgInt": 75,
                    "avgMor": 75,
                    "employeeJobs": {
                      "Business": 0,
                      "Engineer": 0,
                      "Intern": 0,
                      "Management": 0,
                      "Operations": 0,
                      "Research & Development": 0,
                      "Unassigned": 0,
                    },
                    "employeeNextJobs": {
                      "Business": 0,
                      "Engineer": 0,
                      "Intern": 0,
                      "Management": 0,
                      "Operations": 0,
                      "Research & Development": 0,
                      "Unassigned": 0,
                    },
                    "employeeProd": {
                      "Business": 0,
                      "Engineer": 0,
                      "Intern": 0,
                      "Management": 0,
                      "Operations": 0,
                      "Research & Development": 0,
                      "Unassigned": 0,
                      "total": 0,
                    },
                    "loc": "Sector-12",
                    "maxEne": 100,
                    "maxMor": 100,
                    "partyMult": 1,
                    "size": 3,
                    "teaPending": false,
                    "totalEmployees": 0,
                    "totalExp": 0,
                    "totalSalary": 0,
                  },
                },
                "Volhaven": 0,
              },
              "popularity": 0,
              "prodMats": [],
              "prodMult": 0,
              "products": {},
              "reFac": 0.05,
              "reqMats": {
                "Food": 0.5,
                "Water": 0.5,
              },
              "researched": {},
              "robFac": 0.3,
              "sciFac": 0.12,
              "sciResearch": 0,
              "startingCost": 10000000000,
              "state": "START",
              "thisCycleExpenses": 0,
              "thisCycleRevenue": 0,
              "type": "Restaurant",
              "warehouses": {
                "Aevum": 0,
                "Chongqing": 0,
                "Ishima": 0,
                "New Tokyo": 0,
                "Sector-12": {
                  "ctor": "Warehouse",
                  "data": {
                    "level": 1,
                    "loc": "Sector-12",
                    "materials": {
                      "AI Cores": {
                        "ctor": "Material",
                        "data": {
                          "bCost": 15000,
                          "buy": 0,
                          "cmp": 90,
                          "cmpR": [
                            80,
                            99,
                          ],
                          "dmd": 90,
                          "dmdR": [
                            80,
                            99,
                          ],
                          "exp": [],
                          "imp": 0,
                          "marketTa1": false,
                          "marketTa2": false,
                          "marketTa2Price": 0,
                          "maxsll": 0,
                          "mku": 0.5,
                          "mv": 0.8,
                          "name": "AI Cores",
                          "prd": 0,
                          "prdman": [
                            false,
                            0,
                          ],
                          "qlt": 1,
                          "qty": 0,
                          "sCost": 0,
                          "sll": 0,
                          "sllman": [
                            false,
                            0,
                          ],
                          "totalExp": 0,
                        },
                      },
                      "Chemicals": {
                        "ctor": "Material",
                        "data": {
                          "bCost": 9000,
                          "buy": 0,
                          "cmp": 60,
                          "cmpR": [
                            40,
                            80,
                          ],
                          "dmd": 55,
                          "dmdR": [
                            40,
                            70,
                          ],
                          "exp": [],
                          "imp": 0,
                          "marketTa1": false,
                          "marketTa2": false,
                          "marketTa2Price": 0,
                          "maxsll": 0,
                          "mku": 2,
                          "mv": 1.2,
                          "name": "Chemicals",
                          "prd": 0,
                          "prdman": [
                            false,
                            0,
                          ],
                          "qlt": 1,
                          "qty": 0,
                          "sCost": 0,
                          "sll": 0,
                          "sllman": [
                            false,
                            0,
                          ],
                          "totalExp": 0,
                        },
                      },
                      "Drugs": {
                        "ctor": "Material",
                        "data": {
                          "bCost": 40000,
                          "buy": 0,
                          "cmp": 70,
                          "cmpR": [
                            40,
                            99,
                          ],
                          "dmd": 60,
                          "dmdR": [
                            45,
                            75,
                          ],
                          "exp": [],
                          "imp": 0,
                          "marketTa1": false,
                          "marketTa2": false,
                          "marketTa2Price": 0,
                          "maxsll": 0,
                          "mku": 1,
                          "mv": 1.6,
                          "name": "Drugs",
                          "prd": 0,
                          "prdman": [
                            false,
                            0,
                          ],
                          "qlt": 1,
                          "qty": 0,
                          "sCost": 0,
                          "sll": 0,
                          "sllman": [
                            false,
                            0,
                          ],
                          "totalExp": 0,
                        },
                      },
                      "Food": {
                        "ctor": "Material",
                        "data": {
                          "bCost": 5000,
                          "buy": 0,
                          "cmp": 60,
                          "cmpR": [
                            35,
                            85,
                          ],
                          "dmd": 80,
                          "dmdR": [
                            70,
                            90,
                          ],
                          "exp": [],
                          "imp": 0,
                          "marketTa1": false,
                          "marketTa2": false,
                          "marketTa2Price": 0,
                          "maxsll": 0,
                          "mku": 3,
                          "mv": 1,
                          "name": "Food",
                          "prd": 0,
                          "prdman": [
                            false,
                            0,
                          ],
                          "qlt": 1,
                          "qty": 0,
                          "sCost": 0,
                          "sll": 0,
                          "sllman": [
                            false,
                            0,
                          ],
                          "totalExp": 0,
                        },
                      },
                      "Hardware": {
                        "ctor": "Material",
                        "data": {
                          "bCost": 8000,
                          "buy": 0,
                          "cmp": 80,
                          "cmpR": [
                            65,
                            95,
                          ],
                          "dmd": 85,
                          "dmdR": [
                            80,
                            90,
                          ],
                          "exp": [],
                          "imp": 0,
                          "marketTa1": false,
                          "marketTa2": false,
                          "marketTa2Price": 0,
                          "maxsll": 0,
                          "mku": 1,
                          "mv": 0.5,
                          "name": "Hardware",
                          "prd": 0,
                          "prdman": [
                            false,
                            0,
                          ],
                          "qlt": 1,
                          "qty": 0,
                          "sCost": 0,
                          "sll": 0,
                          "sllman": [
                            false,
                            0,
                          ],
                          "totalExp": 0,
                        },
                      },
                      "Metal": {
                        "ctor": "Material",
                        "data": {
                          "bCost": 2650,
                          "buy": 0,
                          "cmp": 70,
                          "cmpR": [
                            60,
                            80,
                          ],
                          "dmd": 80,
                          "dmdR": [
                            75,
                            85,
                          ],
                          "exp": [],
                          "imp": 0,
                          "marketTa1": false,
                          "marketTa2": false,
                          "marketTa2Price": 0,
                          "maxsll": 0,
                          "mku": 6,
                          "mv": 1,
                          "name": "Metal",
                          "prd": 0,
                          "prdman": [
                            false,
                            0,
                          ],
                          "qlt": 1,
                          "qty": 0,
                          "sCost": 0,
                          "sll": 0,
                          "sllman": [
                            false,
                            0,
                          ],
                          "totalExp": 0,
                        },
                      },
                      "Minerals": {
                        "ctor": "Material",
                        "data": {
                          "bCost": 500,
                          "buy": 0,
                          "cmp": 80,
                          "cmpR": [
                            65,
                            95,
                          ],
                          "dmd": 75,
                          "dmdR": [
                            90,
                            60,
                          ],
                          "exp": [],
                          "imp": 0,
                          "marketTa1": false,
                          "marketTa2": false,
                          "marketTa2Price": 0,
                          "maxsll": 0,
                          "mku": 6,
                          "mv": 0.2,
                          "name": "Minerals",
                          "prd": 0,
                          "prdman": [
                            false,
                            0,
                          ],
                          "qlt": 1,
                          "qty": 0,
                          "sCost": 0,
                          "sll": 0,
                          "sllman": [
                            false,
                            0,
                          ],
                          "totalExp": 0,
                        },
                      },
                      "Ore": {
                        "ctor": "Material",
                        "data": {
                          "bCost": 500,
                          "buy": 0,
                          "cmp": 80,
                          "cmpR": [
                            65,
                            95,
                          ],
                          "dmd": 50,
                          "dmdR": [
                            40,
                            60,
                          ],
                          "exp": [],
                          "imp": 0,
                          "marketTa1": false,
                          "marketTa2": false,
                          "marketTa2Price": 0,
                          "maxsll": 0,
                          "mku": 6,
                          "mv": 0.2,
                          "name": "Ore",
                          "prd": 0,
                          "prdman": [
                            false,
                            0,
                          ],
                          "qlt": 1,
                          "qty": 0,
                          "sCost": 0,
                          "sll": 0,
                          "sllman": [
                            false,
                            0,
                          ],
                          "totalExp": 0,
                        },
                      },
                      "Plants": {
                        "ctor": "Material",
                        "data": {
                          "bCost": 3000,
                          "buy": 0,
                          "cmp": 50,
                          "cmpR": [
                            30,
                            70,
                          ],
                          "dmd": 70,
                          "dmdR": [
                            20,
                            90,
                          ],
                          "exp": [],
                          "imp": 0,
                          "marketTa1": false,
                          "marketTa2": false,
                          "marketTa2Price": 0,
                          "maxsll": 0,
                          "mku": 3.75,
                          "mv": 0.6,
                          "name": "Plants",
                          "prd": 0,
                          "prdman": [
                            false,
                            0,
                          ],
                          "qlt": 1,
                          "qty": 0,
                          "sCost": 0,
                          "sll": 0,
                          "sllman": [
                            false,
                            0,
                          ],
                          "totalExp": 0,
                        },
                      },
                      "Real Estate": {
                        "ctor": "Material",
                        "data": {
                          "bCost": 80000,
                          "buy": 0,
                          "cmp": 50,
                          "cmpR": [
                            25,
                            75,
                          ],
                          "dmd": 50,
                          "dmdR": [
                            5,
                            99,
                          ],
                          "exp": [],
                          "imp": 0,
                          "marketTa1": false,
                          "marketTa2": false,
                          "marketTa2Price": 0,
                          "maxsll": 0,
                          "mku": 1.5,
                          "mv": 1.5,
                          "name": "Real Estate",
                          "prd": 0,
                          "prdman": [
                            false,
                            0,
                          ],
                          "qlt": 1,
                          "qty": 0,
                          "sCost": 0,
                          "sll": 0,
                          "sllman": [
                            false,
                            0,
                          ],
                          "totalExp": 0,
                        },
                      },
                      "Robots": {
                        "ctor": "Material",
                        "data": {
                          "bCost": 75000,
                          "buy": 0,
                          "cmp": 90,
                          "cmpR": [
                            80,
                            99,
                          ],
                          "dmd": 90,
                          "dmdR": [
                            80,
                            99,
                          ],
                          "exp": [],
                          "imp": 0,
                          "marketTa1": false,
                          "marketTa2": false,
                          "marketTa2Price": 0,
                          "maxsll": 0,
                          "mku": 1,
                          "mv": 0.5,
                          "name": "Robots",
                          "prd": 0,
                          "prdman": [
                            false,
                            0,
                          ],
                          "qlt": 1,
                          "qty": 0,
                          "sCost": 0,
                          "sll": 0,
                          "sllman": [
                            false,
                            0,
                          ],
                          "totalExp": 0,
                        },
                      },
                      "Water": {
                        "ctor": "Material",
                        "data": {
                          "bCost": 1500,
                          "buy": 0,
                          "cmp": 50,
                          "cmpR": [
                            40,
                            60,
                          ],
                          "dmd": 75,
                          "dmdR": [
                            65,
                            85,
                          ],
                          "exp": [],
                          "imp": 0,
                          "marketTa1": false,
                          "marketTa2": false,
                          "marketTa2Price": 0,
                          "maxsll": 0,
                          "mku": 6,
                          "mv": 0.2,
                          "name": "Water",
                          "prd": 0,
                          "prdman": [
                            false,
                            0,
                          ],
                          "qlt": 1,
                          "qty": 0,
                          "sCost": 0,
                          "sll": 0,
                          "sllman": [
                            false,
                            0,
                          ],
                          "totalExp": 0,
                        },
                      },
                    },
                    "size": 100,
                    "sizeUsed": 0,
                    "smartSupplyEnabled": false,
                    "smartSupplyOptions": {
                      "AI Cores": "leftovers",
                      "Chemicals": "leftovers",
                      "Drugs": "leftovers",
                      "Food": "leftovers",
                      "Hardware": "leftovers",
                      "Metal": "leftovers",
                      "Minerals": "leftovers",
                      "Ore": "leftovers",
                      "Plants": "leftovers",
                      "Real Estate": "leftovers",
                      "Robots": "leftovers",
                      "Water": "leftovers",
                    },
                    "smartSupplyStore": 0,
                  },
                },
                "Volhaven": 0,
              },
            },
          },
        ],
        "expenses": 0,
        "fundingRound": 0,
        "funds": 140000000000,
        "issueNewSharesCooldown": 0,
        "issuedShares": 0,
        "maxDivisions": 20,
        "name": "MyCorp",
        "numShares": 1000000000,
        "public": false,
        "revenue": 0,
        "seedFunded": true,
        "sharePrice": 0,
        "shareSaleCooldown": 0,
        "shareSalesUntilPriceUpdate": 1000000,
        "state": {
          "ctor": "CorporationState",
          "data": {
            "state": 0,
          },
        },
        "storedCycles": 0,
        "totalShares": 1500000000,
        "unlockUpgrades": [
          0,
          0,
          0,
          0,
          0,
          0,
          0,
          0,
          0,
        ],
        "upgradeMultipliers": [
          1,
          1,
          1,
          1,
          1,
          1,
          1,
          1,
          1,
          1,
        ],
        "upgrades": [
          0,
          0,
          0,
          0,
          0,
          0,
          0,
          0,
          0,
          0,
        ],
        "valuation": 0,
        "valuationsList": [
          0,
        ],
      },
    },
    "currentServer": "home",
    "currentWork": {
      "ctor": "FactionWork",
      "data": {
        "cyclesWorked": 0,
        "factionName": "New Tokyo",
        "factionWorkType": "hacking",
        "singularity": true,
        "type": "FACTION",
      },
    },
    "entropy": 0,
    "exp": {
      "agility": 0,
      "charisma": 0,
      "defense": 0,
      "dexterity": 0,
      "hacking": 0,
      "intelligence": 0,
      "strength": 0,
    },
    "exploits": [],
    "factionInvitations": [],
    "factions": [
      "New Tokyo",
      "Slum Snakes",
    ],
    "focus": false,
    "gang": {
      "ctor": "Gang",
      "data": {
        "facName": "Slum Snakes",
        "isHackingGang": false,
        "members": [],
        "moneyGainRate": 0,
        "notifyMemberDeath": true,
        "respect": 1,
        "respectGainRate": 0,
        "storedCycles": 0,
        "storedTerritoryAndPowerCycles": 0,
        "territoryClashChance": 0,
        "territoryWarfareEngaged": false,
        "wanted": 1,
        "wantedGainRate": 0,
      },
    },
    "hacknetNodes": [],
    "has4SData": false,
    "has4SDataTixApi": false,
    "hasTixApiAccess": false,
    "hasWseAccount": false,
    "hashManager": {
      "ctor": "HashManager",
      "data": {
        "capacity": 0,
        "hashes": 0,
        "upgrades": {
          "Exchange for Bladeburner Rank": 0,
          "Exchange for Bladeburner SP": 0,
          "Exchange for Corporation Research": 0,
          "Generate Coding Contract": 0,
          "Improve Gym Training": 0,
          "Improve Studying": 0,
          "Increase Maximum Money": 0,
          "Reduce Minimum Security": 0,
          "Sell for Corporation Funds": 0,
          "Sell for Money": 0,
        },
      },
    },
    "hp": {
      "current": 10,
      "max": 10,
    },
    "identifier": "f5f817a7de541",
    "jobs": {},
    "karma": 0,
    "lastSave": 0,
    "lastUpdate": 0,
    "location": "Travel Agency",
    "money": 1041,
    "moneySourceA": {
      "ctor": "MoneySourceTracker",
      "data": {
        "augmentations": 0,
        "bladeburner": 0,
        "casino": 0,
        "class": 0,
        "codingcontract": 0,
        "corporation": 0,
        "crime": 0,
        "gang": 0,
        "hacking": 0,
        "hacknet": 0,
        "hacknet_expenses": 0,
        "hospitalization": 0,
        "infiltration": 0,
        "other": 0,
        "servers": 0,
        "sleeves": 0,
        "stock": 0,
        "total": 0,
        "work": 0,
      },
    },
    "moneySourceB": {
      "ctor": "MoneySourceTracker",
      "data": {
        "augmentations": 0,
        "bladeburner": 0,
        "casino": 0,
        "class": 0,
        "codingcontract": 0,
        "corporation": 0,
        "crime": 0,
        "gang": 0,
        "hacking": 0,
        "hacknet": 0,
        "hacknet_expenses": 0,
        "hospitalization": 0,
        "infiltration": 0,
        "other": 0,
        "servers": 0,
        "sleeves": 0,
        "stock": 0,
        "total": 0,
        "work": 0,
      },
    },
    "mults": {
      "agility": 1,
      "agility_exp": 1,
      "bladeburner_analysis": 1,
      "bladeburner_max_stamina": 1,
      "bladeburner_stamina_gain": 1,
      "bladeburner_success_chance": 1,
      "charisma": 1,
      "charisma_exp": 1,
      "company_rep": 1,
      "crime_money": 1,
      "crime_success": 1,
      "defense": 1,
      "defense_exp": 1,
      "dexterity": 1,
      "dexterity_exp": 1,
      "faction_rep": 1,
      "hacking": 1,
      "hacking_chance": 1,
      "hacking_exp": 1,
      "hacking_grow": 1,
      "hacking_money": 1,
      "hacking_speed": 1,
      "hacknet_node_core_cost": 1,
      "hacknet_node_level_cost": 1,
      "hacknet_node_money": 1,
      "hacknet_node_purchase_cost": 1,
      "hacknet_node_ram_cost": 1,
      "strength": 1,
      "strength_exp": 1,
      "work_money": 1,
    },
    "numPeopleKilled": 0,
    "playtimeSinceLastAug": 0,
    "playtimeSinceLastBitnode": 0,
    "purchasedServers": [],
    "queuedAugmentations": [],
    "scriptProdSinceLastAug": 0,
    "skills": {
      "agility": 1,
      "charisma": 1,
      "defense": 1,
      "dexterity": 1,
      "hacking": 1,
      "intelligence": 0,
      "strength": 1,
    },
    "sleeves": [
      {
        "ctor": "Sleeve",
        "data": {
          "augmentations": [],
          "city": "Sector-12",
          "currentWork": {
            "ctor": "SleeveCrimeWork",
            "data": {
              "crimeType": "Homicide",
              "cyclesWorked": 0,
              "type": "CRIME",
            },
          },
          "exp": {
            "agility": 0,
            "charisma": 0,
            "defense": 0,
            "dexterity": 0,
            "hacking": 0,
            "intelligence": 0,
            "strength": 0,
          },
          "hp": {
            "current": 10,
            "max": 10,
          },
          "memory": 1,
          "mults": {
            "agility": 1,
            "agility_exp": 1,
            "bladeburner_analysis": 1,
            "bladeburner_max_stamina": 1,
            "bladeburner_stamina_gain": 1,
            "bladeburner_success_chance": 1,
            "charisma": 1,
            "charisma_exp": 1,
            "company_rep": 1,
            "crime_money": 1,
            "crime_success": 1,
            "defense": 1,
            "defense_exp": 1,
            "dexterity": 1,
            "dexterity_exp": 1,
            "faction_rep": 1,
            "hacking": 1,
            "hacking_chance": 1,
            "hacking_exp": 1,
            "hacking_grow": 1,
            "hacking_money": 1,
            "hacking_speed": 1,
            "hacknet_node_core_cost": 1,
            "hacknet_node_level_cost": 1,
            "hacknet_node_money": 1,
            "hacknet_node_purchase_cost": 1,
            "hacknet_node_ram_cost": 1,
            "strength": 1,
            "strength_exp": 1,
            "work_money": 1,
          },
          "queuedAugmentations": [],
          "shock": 100,
          "skills": {
            "agility": 1,
            "charisma": 1,
            "defense": 1,
            "dexterity": 1,
            "hacking": 1,
            "intelligence": 0,
            "strength": 1,
          },
          "storedCycles": 0,
          "sync": 1,
        },
      },
      {
        "ctor": "Sleeve",
        "data": {
          "augmentations": [],
          "city": "Sector-12",
          "currentWork": {
            "ctor": "SleeveRecoveryWork",
            "data": {
              "type": "RECOVERY",
            },
          },
          "exp": {
            "agility": 0,
            "charisma": 0,
            "defense": 0,
            "dexterity": 0,
            "hacking": 0,
            "intelligence": 0,
            "strength": 0,
          },
          "hp": {
            "current": 10,
            "max": 10,
          },
          "memory": 1,
          "mults": {
            "agility": 1,
            "agility_exp": 1,
            "bladeburner_analysis": 1,
            "bladeburner_max_stamina": 1,
            "bladeburner_stamina_gain": 1,
            "bladeburner_success_chance": 1,
            "charisma": 1,
            "charisma_exp": 1,
            "company_rep": 1,
            "crime_money": 1,
            "crime_success": 1,
            "defense": 1,
            "defense_exp": 1,
            "dexterity": 1,
            "dexterity_exp": 1,
            "faction_rep": 1,
            "hacking": 1,
            "hacking_chance": 1,
            "hacking_exp": 1,
            "hacking_grow": 1,
            "hacking_money": 1,
            "hacking_speed": 1,
            "hacknet_node_core_cost": 1,
            "hacknet_node_level_cost": 1,
            "hacknet_node_money": 1,
            "hacknet_node_purchase_cost": 1,
            "hacknet_node_ram_cost": 1,
            "strength": 1,
            "strength_exp": 1,
            "work_money": 1,
          },
          "queuedAugmentations": [],
          "shock": 100,
          "skills": {
            "agility": 1,
            "charisma": 1,
            "defense": 1,
            "dexterity": 1,
            "hacking": 1,
            "intelligence": 0,
            "strength": 1,
          },
          "storedCycles": 0,
          "sync": 1,
        },
      },
    ],
    "sleevesFromCovenant": 1,
    "sourceFiles": [
      {
        "lvl": 1,
        "n": 10,
      },
    ],
    "terminalCommandHistory": [],
    "totalPlaytime": 0,
  },
}
`;
